
> godot-mcp@0.1.0 test
> vitest run tests/utils/scene-validator.test.ts --reporter=verbose


[1m[46m RUN [49m[22m [36mv4.0.18 [39m[90mC:/Users/Alex/Documents/Godot/Projects/godot-mcp[39m

[90mstdout[2m | tests/utils/scene-validator.test.ts[2m > [22m[2mSceneValidator[2m > [22m[2mSyntax Validation[2m > [22m[2mshould error on missing gd_scene header
[22m[39m2026-02-05 00:38:54 [[33mwarn[39m] Scene validation failed {"service":"godot-mcp","errorCount":1,"warningCount":0}

[90mstdout[2m | tests/utils/scene-validator.test.ts[2m > [22m[2mSceneValidator[2m > [22m[2mSyntax Validation[2m > [22m[2mshould error on invalid section headers
[22m[39m2026-02-05 00:38:54 [[33mwarn[39m] Scene validation failed {"service":"godot-mcp","errorCount":1,"warningCount":0}

[90mstdout[2m | tests/utils/scene-validator.test.ts[2m > [22m[2mSceneValidator[2m > [22m[2mSyntax Validation[2m > [22m[2mshould error on unmatched quotes
[22m[39m2026-02-05 00:38:54 [[33mwarn[39m] Scene validation failed {"service":"godot-mcp","errorCount":1,"warningCount":0}

[90mstdout[2m | tests/utils/scene-validator.test.ts[2m > [22m[2mSceneValidator[2m > [22m[2mStructure Validation[2m > [22m[2mshould validate scene with proper hierarchy
[22m[39m2026-02-05 00:38:54 [[33mwarn[39m] Scene validation failed {"service":"godot-mcp","errorCount":1,"warningCount":0}
Hierarchy validation errors: [
  {
    type: [32m'structure'[39m,
    severity: [32m'error'[39m,
    message: [32m'Multiple root nodes found'[39m,
    line: [33m3[39m,
    suggestion: [32m'Scene should have exactly one root node'[39m
  }
]

[90mstdout[2m | tests/utils/scene-validator.test.ts[2m > [22m[2mSceneValidator[2m > [22m[2mStructure Validation[2m > [22m[2mshould error on multiple root nodes
[22m[39m2026-02-05 00:38:54 [[33mwarn[39m] Scene validation failed {"service":"godot-mcp","errorCount":1,"warningCount":0}

[90mstdout[2m | tests/utils/scene-validator.test.ts[2m > [22m[2mSceneValidator[2m > [22m[2mStructure Validation[2m > [22m[2mshould error on missing root node
[22m[39m2026-02-05 00:38:54 [[33mwarn[39m] Scene validation failed {"service":"godot-mcp","errorCount":2,"warningCount":0}

[90mstdout[2m | tests/utils/scene-validator.test.ts[2m > [22m[2mSceneValidator[2m > [22m[2mStructure Validation[2m > [22m[2mshould error on duplicate node paths
[22m[39m2026-02-05 00:38:54 [[33mwarn[39m] Scene validation failed {"service":"godot-mcp","errorCount":3,"warningCount":0}

[90mstdout[2m | tests/utils/scene-validator.test.ts[2m > [22m[2mSceneValidator[2m > [22m[2mStructure Validation[2m > [22m[2mshould error on undefined parent reference
[22m[39m2026-02-05 00:38:54 [[33mwarn[39m] Scene validation failed {"service":"godot-mcp","errorCount":1,"warningCount":0}

[90mstdout[2m | tests/utils/scene-validator.test.ts[2m > [22m[2mSceneValidator[2m > [22m[2mStructure Validation[2m > [22m[2mshould warn on deeply nested hierarchies
[22m[39m2026-02-05 00:38:54 [[33mwarn[39m] Scene validation failed {"service":"godot-mcp","errorCount":1,"warningCount":1}

[90mstdout[2m | tests/utils/scene-validator.test.ts[2m > [22m[2mSceneValidator[2m > [22m[2mProperty Validation[2m > [22m[2mshould error on invalid Vector2 component count
[22m[39m2026-02-05 00:38:54 [[33mwarn[39m] Scene validation failed {"service":"godot-mcp","errorCount":1,"warningCount":0}

[90mstdout[2m | tests/utils/scene-validator.test.ts[2m > [22m[2mSceneValidator[2m > [22m[2mProperty Validation[2m > [22m[2mshould error on invalid Vector3 component count
[22m[39m2026-02-05 00:38:54 [[33mwarn[39m] Scene validation failed {"service":"godot-mcp","errorCount":1,"warningCount":0}

[90mstdout[2m | tests/utils/scene-validator.test.ts[2m > [22m[2mSceneValidator[2m > [22m[2mProperty Validation[2m > [22m[2mshould error on non-numeric vector values
[22m[39m2026-02-05 00:38:54 [[33mwarn[39m] Scene validation failed {"service":"godot-mcp","errorCount":1,"warningCount":0}

[90mstdout[2m | tests/utils/scene-validator.test.ts[2m > [22m[2mSceneValidator[2m > [22m[2mProperty Validation[2m > [22m[2mshould error on invalid Color component count
[22m[39m2026-02-05 00:38:54 [[33mwarn[39m] Scene validation failed {"service":"godot-mcp","errorCount":1,"warningCount":0}

[90mstdout[2m | tests/utils/scene-validator.test.ts[2m > [22m[2mSceneValidator[2m > [22m[2mReference Validation[2m > [22m[2mshould error on duplicate ext_resource IDs
[22m[39m2026-02-05 00:38:54 [[33mwarn[39m] Scene validation failed {"service":"godot-mcp","errorCount":1,"warningCount":1}

[90mstdout[2m | tests/utils/scene-validator.test.ts[2m > [22m[2mSceneValidator[2m > [22m[2mReference Validation[2m > [22m[2mshould error on duplicate sub_resource IDs
[22m[39m2026-02-05 00:38:54 [[33mwarn[39m] Scene validation failed {"service":"godot-mcp","errorCount":1,"warningCount":1}

[90mstdout[2m | tests/utils/scene-validator.test.ts[2m > [22m[2mSceneValidator[2m > [22m[2mReference Validation[2m > [22m[2mshould error on undefined ext_resource reference
[22m[39m2026-02-05 00:38:54 [[33mwarn[39m] Scene validation failed {"service":"godot-mcp","errorCount":1,"warningCount":0}

[90mstdout[2m | tests/utils/scene-validator.test.ts[2m > [22m[2mSceneValidator[2m > [22m[2mReference Validation[2m > [22m[2mshould error on undefined sub_resource reference
[22m[39m2026-02-05 00:38:54 [[33mwarn[39m] Scene validation failed {"service":"godot-mcp","errorCount":1,"warningCount":0}

[90mstdout[2m | tests/utils/scene-validator.test.ts[2m > [22m[2mSceneValidator[2m > [22m[2mReference Validation[2m > [22m[2mshould validate signal connections
[22m[39m2026-02-05 00:38:54 [[33mwarn[39m] Scene validation failed {"service":"godot-mcp","errorCount":1,"warningCount":0}

[90mstdout[2m | tests/utils/scene-validator.test.ts[2m > [22m[2mSceneValidator[2m > [22m[2mReference Validation[2m > [22m[2mshould error on incomplete connection
[22m[39m2026-02-05 00:38:54 [[33mwarn[39m] Scene validation failed {"service":"godot-mcp","errorCount":1,"warningCount":0}

[90mstdout[2m | tests/utils/scene-validator.test.ts[2m > [22m[2mSceneValidator[2m > [22m[2mComplex Scenes[2m > [22m[2mshould validate a complete valid scene
[22m[39m2026-02-05 00:38:54 [[33mwarn[39m] Scene validation failed {"service":"godot-mcp","errorCount":2,"warningCount":0}
Complete scene validation errors: [
  {
    type: [32m'structure'[39m,
    severity: [32m'error'[39m,
    message: [32m'Multiple root nodes found'[39m,
    line: [33m10[39m,
    suggestion: [32m'Scene should have exactly one root node'[39m
  },
  {
    type: [32m'structure'[39m,
    severity: [32m'error'[39m,
    message: [32m'Multiple root nodes found'[39m,
    line: [33m13[39m,
    suggestion: [32m'Scene should have exactly one root node'[39m
  }
]

[90mstdout[2m | tests/utils/scene-validator.test.ts[2m > [22m[2mSceneValidator[2m > [22m[2mComplex Scenes[2m > [22m[2mshould accumulate multiple errors
[22m[39m2026-02-05 00:38:54 [[33mwarn[39m] Scene validation failed {"service":"godot-mcp","errorCount":4,"warningCount":1}

 [32mÔ£ô[39m tests/utils/scene-validator.test.ts[2m > [22mSceneValidator[2m > [22mSyntax Validation[2m > [22mshould validate correct scene header[32m 3[2mms[22m[39m
 [32mÔ£ô[39m tests/utils/scene-validator.test.ts[2m > [22mSceneValidator[2m > [22mSyntax Validation[2m > [22mshould error on missing gd_scene header[32m 4[2mms[22m[39m
 [32mÔ£ô[39m tests/utils/scene-validator.test.ts[2m > [22mSceneValidator[2m > [22mSyntax Validation[2m > [22mshould warn on incorrect format version[32m 0[2mms[22m[39m
 [32mÔ£ô[39m tests/utils/scene-validator.test.ts[2m > [22mSceneValidator[2m > [22mSyntax Validation[2m > [22mshould error on invalid section headers[32m 1[2mms[22m[39m
 [32mÔ£ô[39m tests/utils/scene-validator.test.ts[2m > [22mSceneValidator[2m > [22mSyntax Validation[2m > [22mshould error on unmatched quotes[32m 1[2mms[22m[39m
 [31m├ù[39m tests/utils/scene-validator.test.ts[2m > [22mSceneValidator[2m > [22mSyntax Validation[2m > [22mshould error on unmatched brackets[32m 8[2mms[22m[39m
[31m   ÔåÆ expected true to be false // Object.is equality[39m
 [32mÔ£ô[39m tests/utils/scene-validator.test.ts[2m > [22mSceneValidator[2m > [22mSyntax Validation[2m > [22mshould handle escaped quotes correctly[32m 1[2mms[22m[39m
 [32mÔ£ô[39m tests/utils/scene-validator.test.ts[2m > [22mSceneValidator[2m > [22mStructure Validation[2m > [22mshould validate scene with single root node[32m 0[2mms[22m[39m
 [31m├ù[39m tests/utils/scene-validator.test.ts[2m > [22mSceneValidator[2m > [22mStructure Validation[2m > [22mshould validate scene with proper hierarchy[32m 2[2mms[22m[39m
[31m   ÔåÆ expected false to be true // Object.is equality[39m
 [32mÔ£ô[39m tests/utils/scene-validator.test.ts[2m > [22mSceneValidator[2m > [22mStructure Validation[2m > [22mshould error on multiple root nodes[32m 1[2mms[22m[39m
 [32mÔ£ô[39m tests/utils/scene-validator.test.ts[2m > [22mSceneValidator[2m > [22mStructure Validation[2m > [22mshould error on missing root node[32m 1[2mms[22m[39m
 [32mÔ£ô[39m tests/utils/scene-validator.test.ts[2m > [22mSceneValidator[2m > [22mStructure Validation[2m > [22mshould error on duplicate node paths[32m 1[2mms[22m[39m
 [32mÔ£ô[39m tests/utils/scene-validator.test.ts[2m > [22mSceneValidator[2m > [22mStructure Validation[2m > [22mshould error on undefined parent reference[32m 0[2mms[22m[39m
 [32mÔ£ô[39m tests/utils/scene-validator.test.ts[2m > [22mSceneValidator[2m > [22mStructure Validation[2m > [22mshould warn on deeply nested hierarchies[32m 1[2mms[22m[39m
 [32mÔ£ô[39m tests/utils/scene-validator.test.ts[2m > [22mSceneValidator[2m > [22mProperty Validation[2m > [22mshould validate correct Vector2[32m 0[2mms[22m[39m
 [32mÔ£ô[39m tests/utils/scene-validator.test.ts[2m > [22mSceneValidator[2m > [22mProperty Validation[2m > [22mshould validate correct Vector3[32m 0[2mms[22m[39m
 [32mÔ£ô[39m tests/utils/scene-validator.test.ts[2m > [22mSceneValidator[2m > [22mProperty Validation[2m > [22mshould error on invalid Vector2 component count[32m 0[2mms[22m[39m
 [32mÔ£ô[39m tests/utils/scene-validator.test.ts[2m > [22mSceneValidator[2m > [22mProperty Validation[2m > [22mshould error on invalid Vector3 component count[32m 0[2mms[22m[39m
 [32mÔ£ô[39m tests/utils/scene-validator.test.ts[2m > [22mSceneValidator[2m > [22mProperty Validation[2m > [22mshould error on non-numeric vector values[32m 0[2mms[22m[39m
 [32mÔ£ô[39m tests/utils/scene-validator.test.ts[2m > [22mSceneValidator[2m > [22mProperty Validation[2m > [22mshould validate correct Color[32m 0[2mms[22m[39m
 [32mÔ£ô[39m tests/utils/scene-validator.test.ts[2m > [22mSceneValidator[2m > [22mProperty Validation[2m > [22mshould validate Color with alpha[32m 1[2mms[22m[39m
 [32mÔ£ô[39m tests/utils/scene-validator.test.ts[2m > [22mSceneValidator[2m > [22mProperty Validation[2m > [22mshould error on invalid Color component count[32m 1[2mms[22m[39m
 [32mÔ£ô[39m tests/utils/scene-validator.test.ts[2m > [22mSceneValidator[2m > [22mProperty Validation[2m > [22mshould warn on Color values out of range[32m 0[2mms[22m[39m
 [32mÔ£ô[39m tests/utils/scene-validator.test.ts[2m > [22mSceneValidator[2m > [22mProperty Validation[2m > [22mshould validate resource paths[32m 0[2mms[22m[39m
 [32mÔ£ô[39m tests/utils/scene-validator.test.ts[2m > [22mSceneValidator[2m > [22mProperty Validation[2m > [22mshould warn on resource paths with ..[32m 0[2mms[22m[39m
 [32mÔ£ô[39m tests/utils/scene-validator.test.ts[2m > [22mSceneValidator[2m > [22mProperty Validation[2m > [22mshould warn on unusual file extensions[32m 0[2mms[22m[39m
 [32mÔ£ô[39m tests/utils/scene-validator.test.ts[2m > [22mSceneValidator[2m > [22mProperty Validation[2m > [22mshould warn on non-standard boolean format[32m 0[2mms[22m[39m
 [32mÔ£ô[39m tests/utils/scene-validator.test.ts[2m > [22mSceneValidator[2m > [22mReference Validation[2m > [22mshould validate correct ext_resource references[32m 0[2mms[22m[39m
 [32mÔ£ô[39m tests/utils/scene-validator.test.ts[2m > [22mSceneValidator[2m > [22mReference Validation[2m > [22mshould validate correct sub_resource references[32m 0[2mms[22m[39m
 [32mÔ£ô[39m tests/utils/scene-validator.test.ts[2m > [22mSceneValidator[2m > [22mReference Validation[2m > [22mshould error on duplicate ext_resource IDs[32m 0[2mms[22m[39m
 [32mÔ£ô[39m tests/utils/scene-validator.test.ts[2m > [22mSceneValidator[2m > [22mReference Validation[2m > [22mshould error on duplicate sub_resource IDs[32m 0[2mms[22m[39m
 [32mÔ£ô[39m tests/utils/scene-validator.test.ts[2m > [22mSceneValidator[2m > [22mReference Validation[2m > [22mshould error on undefined ext_resource reference[32m 0[2mms[22m[39m
 [32mÔ£ô[39m tests/utils/scene-validator.test.ts[2m > [22mSceneValidator[2m > [22mReference Validation[2m > [22mshould error on undefined sub_resource reference[32m 0[2mms[22m[39m
 [32mÔ£ô[39m tests/utils/scene-validator.test.ts[2m > [22mSceneValidator[2m > [22mReference Validation[2m > [22mshould warn on unused ext_resource[32m 0[2mms[22m[39m
 [32mÔ£ô[39m tests/utils/scene-validator.test.ts[2m > [22mSceneValidator[2m > [22mReference Validation[2m > [22mshould warn on unused sub_resource[32m 0[2mms[22m[39m
 [32mÔ£ô[39m tests/utils/scene-validator.test.ts[2m > [22mSceneValidator[2m > [22mReference Validation[2m > [22mshould validate signal connections[32m 0[2mms[22m[39m
 [32mÔ£ô[39m tests/utils/scene-validator.test.ts[2m > [22mSceneValidator[2m > [22mReference Validation[2m > [22mshould error on incomplete connection[32m 0[2mms[22m[39m
 [31m├ù[39m tests/utils/scene-validator.test.ts[2m > [22mSceneValidator[2m > [22mComplex Scenes[2m > [22mshould validate a complete valid scene[32m 1[2mms[22m[39m
[31m   ÔåÆ expected false to be true // Object.is equality[39m
 [32mÔ£ô[39m tests/utils/scene-validator.test.ts[2m > [22mSceneValidator[2m > [22mComplex Scenes[2m > [22mshould accumulate multiple errors[32m 0[2mms[22m[39m

ÔÄ»ÔÄ»ÔÄ»ÔÄ»ÔÄ»ÔÄ»ÔÄ» Failed Tests 3 ÔÄ»ÔÄ»ÔÄ»ÔÄ»ÔÄ»ÔÄ»ÔÄ»

 FAIL  tests/utils/scene-validator.test.ts > SceneValidator > Syntax Validation > should error on unmatched brackets
AssertionError: expected true to be false // Object.is equality

- Expected
+ Received

- false
+ true

 ÔØ» tests/utils/scene-validator.test.ts:70:28
     68|       const content = '[gd_scene load_steps=1 format=3]\nposition = VeÔÇª
     69|       const result = validator.validate(content);
     70|       expect(result.valid).toBe(false);
       |                            ^
     71|       expect(result.errors).toContainEqual(
     72|         expect.objectContaining({

ÔÄ»ÔÄ»ÔÄ»ÔÄ»ÔÄ»ÔÄ»ÔÄ»ÔÄ»ÔÄ»ÔÄ»ÔÄ»ÔÄ»ÔÄ»ÔÄ»ÔÄ»ÔÄ»ÔÄ»ÔÄ»ÔÄ»ÔÄ»ÔÄ»ÔÄ»ÔÄ»ÔÄ»[1/3]ÔÄ»

 FAIL  tests/utils/scene-validator.test.ts > SceneValidator > Structure Validation > should validate scene with proper hierarchy
AssertionError: expected false to be true // Object.is equality

- Expected
+ Received

- true
+ false

 ÔØ» tests/utils/scene-validator.test.ts:103:28
    101|       const result = validator.validate(content);
    102|       console.log('Hierarchy validation errors:', result.errors);
    103|       expect(result.valid).toBe(true);
       |                            ^
    104|       expect(result.errors).toHaveLength(0);
    105|     });

ÔÄ»ÔÄ»ÔÄ»ÔÄ»ÔÄ»ÔÄ»ÔÄ»ÔÄ»ÔÄ»ÔÄ»ÔÄ»ÔÄ»ÔÄ»ÔÄ»ÔÄ»ÔÄ»ÔÄ»ÔÄ»ÔÄ»ÔÄ»ÔÄ»ÔÄ»ÔÄ»ÔÄ»[2/3]ÔÄ»

 FAIL  tests/utils/scene-validator.test.ts > SceneValidator > Complex Scenes > should validate a complete valid scene
AssertionError: expected false to be true // Object.is equality

- Expected
+ Received

- true
+ false

 ÔØ» tests/utils/scene-validator.test.ts:498:28
    496|       const result = validator.validate(content);
    497|       console.log('Complete scene validation errors:', result.errors);
    498|       expect(result.valid).toBe(true);
       |                            ^
    499|       expect(result.errors).toHaveLength(0);
    500|     });

ÔÄ»ÔÄ»ÔÄ»ÔÄ»ÔÄ»ÔÄ»ÔÄ»ÔÄ»ÔÄ»ÔÄ»ÔÄ»ÔÄ»ÔÄ»ÔÄ»ÔÄ»ÔÄ»ÔÄ»ÔÄ»ÔÄ»ÔÄ»ÔÄ»ÔÄ»ÔÄ»ÔÄ»[3/3]ÔÄ»


[2m Test Files [22m [1m[31m1 failed[39m[22m[90m (1)[39m
[2m      Tests [22m [1m[31m3 failed[39m[22m[2m | [22m[1m[32m36 passed[39m[22m[90m (39)[39m
[2m   Start at [22m 00:38:54
[2m   Duration [22m 407ms[2m (transform 77ms, setup 0ms, import 166ms, tests 36ms, environment 0ms)[22m

